================================================================================
COMPREHENSIVE 100-QUESTION INTERVIEW TEST
================================================================================

Initializing services...
Loaded 87 notes from storage
Testing 100 questions across 10 categories

[  1/100] What programming languages are you most proficient in?
          → Adequate (3/5) | Top: python-backend-experience (0.415)
[  2/100] Tell me about your experience with React
          → Excellent (5/5) | Top: react-frontend-experience (0.673)
[  3/100] What's your experience with Python?
          → Adequate (3/5) | Top: python-backend-experience (0.577)
[  4/100] How comfortable are you with TypeScript?
          → Good (4/5) | Top: moh-ami-typescript-type-safety (0.610)
[  5/100] What databases have you worked with?
          → Adequate (3/5) | Top: python-backend-experience (0.419)
[  6/100] Tell me about your frontend development experience
          → Excellent (5/5) | Top: react-frontend-experience (0.642)
[  7/100] What's your backend development experience?
          → Excellent (5/5) | Top: python-backend-experience (0.577)
[  8/100] Have you worked with GraphQL?
          → Excellent (5/5) | Top: moh-ami-graphql-api-design (0.569)
[  9/100] What's your experience with REST APIs?
          → Adequate (3/5) | Top: python-backend-experience (0.427)
[ 10/100] Tell me about your testing practices
          → Good (4/5) | Top: folio-test-driven-development (0.487)
[ 11/100] What AI/ML experience do you have?
          → Excellent (5/5) | Top: ai-ml-experience (0.616)
[ 12/100] Tell me about a machine learning project you've built
          → Excellent (5/5) | Top: ai-ml-experience (0.581)
[ 13/100] Do you have experience with LLMs?
          → Weak (2/5) | Top: moh-ami-llm-integration (0.348)
[ 14/100] What's your understanding of embeddings?
          → Good (4/5) | Top: folio-embeddings-semantic-search (0.561)
[ 15/100] Have you worked with recommendation systems?
          → Adequate (3/5) | Top: whatnow-contextual-bandits-implementatio (0.439)
[ 16/100] Tell me about contextual bandits
          → Adequate (3/5) | Top: whatnow-contextual-bandits-implementatio (0.516)
[ 17/100] What's your experience with RAG systems?
          → Adequate (3/5) | Top: folio-rag-system-architecture (0.437)
[ 18/100] How do you approach AI project scoping?
          → Good (4/5) | Top: cirrus-scope-lessons (0.496)
[ 19/100] What AI frameworks have you used?
          → Excellent (5/5) | Top: ai-ml-experience (0.559)
[ 20/100] Tell me about prompt engineering experience
          → Weak (2/5) | Top: email-editor-team-collaboration (0.399)
[ 21/100] Tell me about your most successful project
          → Good (4/5) | Top: integrations-dashboard-achievement (0.460)
[ 22/100] What's the most complex system you've built?
          → Adequate (3/5) | Top: integrations-dashboard-achievement (0.431)
[ 23/100] Tell me about WhatNow
          → Excellent (5/5) | Top: whatnow-overview-and-motivation (0.511)
[ 24/100] Tell me about moh-ami
          → Good (4/5) | Top: moh-ami-overview-and-motivation (0.493)
[ 25/100] Tell me about Atlantis
          → Good (4/5) | Top: atlantis-mapping-system-architecture (0.461)
[ 26/100] What project are you most proud of?
          → Adequate (3/5) | Top: integrations-dashboard-achievement (0.418)
[ 27/100] Tell me about a project that failed
          → Excellent (5/5) | Top: jam-hot-failure-lessons (0.504)
[ 28/100] What's your current work project?
          → Good (4/5) | Top: project-links-all (0.467)
[ 29/100] Show me examples of your work
          → Adequate (3/5) | Top: project-links-all (0.403)
[ 30/100] Which project best demonstrates your skills?
          → Excellent (5/5) | Top: project-links-all (0.526)
[ 31/100] Tell me about a difficult technical problem you solved
          → Adequate (3/5) | Top: moh-ami-technical-challenges (0.439)
[ 32/100] What was your biggest technical challenge?
          → Good (4/5) | Top: moh-ami-technical-challenges (0.463)
[ 33/100] How do you debug complex issues?
          → Weak (2/5) | Top: moh-ami-development-iteration (0.345)
[ 34/100] Tell me about a time you had to learn something quickly
          → Weak (2/5) | Top: moh-ami-development-iteration (0.361)
[ 35/100] How do you handle technical debt?
          → Adequate (3/5) | Top: integrations-dashboard-tech-decisions (0.418)
[ 36/100] What's the hardest bug you've fixed?
          → Weak (2/5) | Top: moh-ami-technical-challenges (0.269)
[ 37/100] Tell me about optimizing performance
          → Good (4/5) | Top: nexus-performance-optimization (0.578)
[ 38/100] How do you approach system architecture?
          → Good (4/5) | Top: nexus-scalability-design (0.483)
[ 39/100] Tell me about scaling a system
          → Good (4/5) | Top: nexus-scalability-design (0.489)
[ 40/100] What's a technical decision you regret?
          → Adequate (3/5) | Top: integrations-dashboard-tech-decisions (0.425)
[ 41/100] Tell me about your leadership style
          → Adequate (3/5) | Top: team-dad-leadership (0.566)
[ 42/100] How do you work in a team?
          → Weak (2/5) | Top: team-dad-leadership (0.393)
[ 43/100] Have you mentored other developers?
          → Excellent (5/5) | Top: email-editor-mentoring-backend-developer (0.535)
[ 44/100] How do you handle disagreements with teammates?
          → Weak (2/5) | Top: team-dad-leadership (0.329)
[ 45/100] Tell me about collaborating with non-technical people
          → Excellent (5/5) | Top: integrations-dashboard-liaison-role (0.518)
[ 46/100] What's your experience with code reviews?
          → Adequate (3/5) | Top: email-editor-mentoring-backend-developer (0.403)
[ 47/100] How do you communicate technical concepts?
          → Weak (2/5) | Top: artist-to-tech-transition (0.396)
[ 48/100] Tell me about a successful team project
          → Excellent (5/5) | Top: email-editor-team-collaboration (0.501)
[ 49/100] What makes you a good team member?
          → Adequate (3/5) | Top: team-dad-leadership (0.440)
[ 50/100] How do you help struggling team members?
          → Weak (2/5) | Top: email-editor-mentoring-backend-developer (0.372)
[ 51/100] Tell me about your current role
          → Adequate (3/5) | Top: react-frontend-experience (0.403)
[ 52/100] What do you do at Nurtur?
          → Adequate (3/5) | Top: email-editor-team-collaboration (0.424)
[ 53/100] Tell me about the Integrations Dashboard
          → Good (4/5) | Top: integrations-dashboard-achievement (0.455)
[ 54/100] Tell me about the Nexus Dashboard
          → Excellent (5/5) | Top: nexus-developer-experience-focus (0.600)
[ 55/100] Tell me about the Email Editor project
          → Excellent (5/5) | Top: email-editor-redux-toolkit (0.553)
[ 56/100] What are your responsibilities at work?
          → Weak (2/5) | Top: email-editor-team-collaboration (0.347)
[ 57/100] How long have you been a developer?
          → Adequate (3/5) | Top: react-frontend-experience (0.446)
[ 58/100] What was your first development job?
          → Adequate (3/5) | Top: email-editor-team-collaboration (0.403)
[ 59/100] Tell me about your freelance experience
          → Adequate (3/5) | Top: react-frontend-experience (0.422)
[ 60/100] Why did you leave your previous job?
          → Weak (2/5) | Top: email-editor-team-collaboration (0.301)
[ 61/100] How do you approach problem-solving?
          → Weak (2/5) | Top: whatnow-technical-challenges-and-solutio (0.347)
[ 62/100] Walk me through your development process
          → Excellent (5/5) | Top: moh-ami-development-iteration (0.504)
[ 63/100] How do you handle ambiguous requirements?
          → Weak (2/5) | Top: moh-ami-technical-challenges (0.325)
[ 64/100] Tell me about debugging a complex issue
          → Weak (2/5) | Top: moh-ami-development-iteration (0.358)
[ 65/100] How do you prioritize tasks?
          → Weak (2/5) | Top: nexus-performance-optimization (0.331)
[ 66/100] What's your approach to learning new technologies?
          → Good (4/5) | Top: ai-ml-experience (0.453)
[ 67/100] How do you make technical decisions?
          → Adequate (3/5) | Top: integrations-dashboard-tech-decisions (0.504)
[ 68/100] Tell me about balancing quality and speed
          → Adequate (3/5) | Top: nexus-performance-optimization (0.430)
[ 69/100] How do you handle scope creep?
          → Adequate (3/5) | Top: cirrus-scope-lessons (0.434)
[ 70/100] What's your testing strategy?
          → Adequate (3/5) | Top: folio-test-driven-development (0.445)
[ 71/100] Why do you want to work in Canada?
          → Excellent (5/5) | Top: canadian-immigration-journey (0.559)
[ 72/100] What are your career goals?
          → Weak (2/5) | Top: wonder-connection-values (0.354)
[ 73/100] Why are you interested in this role?
          → Weak (2/5) | Top: react-frontend-experience (0.364)
[ 74/100] What are you learning right now?
          → Weak (2/5) | Top: ai-ml-experience (0.388)
[ 75/100] Where do you see yourself in 5 years?
          → Weak (2/5) | Top: canadian-immigration-journey (0.296)
[ 76/100] Why did you transition from theatre to tech?
          → Good (4/5) | Top: artist-to-tech-transition (0.471)
[ 77/100] Tell me about your educational background
          → Weak (2/5) | Top: artist-to-tech-transition (0.379)
[ 78/100] What drives you as a developer?
          → Good (4/5) | Top: nexus-developer-experience-focus (0.494)
[ 79/100] What areas do you want to grow in?
          → Weak (2/5) | Top: canadian-immigration-journey (0.252)
[ 80/100] Why should we hire you?
          → Weak (2/5) | Top: team-dad-leadership (0.362)
[ 81/100] What are your core values?
          → Adequate (3/5) | Top: wonder-connection-values (0.558)
[ 82/100] How do you handle stress?
          → Poor (1/5) | Top: nexus-safety-layers (0.220)
[ 83/100] What motivates you?
          → Adequate (3/5) | Top: wonder-connection-values (0.413)
[ 84/100] How do you handle feedback?
          → Weak (2/5) | Top: email-editor-mentoring-backend-developer (0.358)
[ 85/100] What's your work style?
          → Weak (2/5) | Top: wonder-connection-values (0.399)
[ 86/100] How do you maintain work-life balance?
          → Weak (2/5) | Top: wonder-connection-values (0.353)
[ 87/100] What makes you passionate about coding?
          → Adequate (3/5) | Top: team-dad-leadership (0.432)
[ 88/100] How do you stay current with technology?
          → Weak (2/5) | Top: artist-to-tech-transition (0.332)
[ 89/100] What's your ideal work environment?
          → Weak (2/5) | Top: team-dad-leadership (0.338)
[ 90/100] How do you handle failure?
          → Adequate (3/5) | Top: jam-hot-failure-lessons (0.408)
[ 91/100] Tell me about your Redux experience
          → Excellent (5/5) | Top: email-editor-redux-toolkit (0.572)
[ 92/100] What's your experience with state management?
          → Weak (2/5) | Top: react-frontend-experience (0.363)
[ 93/100] Have you used Lexical framework?
          → Adequate (3/5) | Top: email-editor-lexical-framework (0.559)
[ 94/100] Tell me about working with embeddings
          → Excellent (5/5) | Top: folio-embeddings-semantic-search (0.576)
[ 95/100] What's your experience with PostgreSQL?
          → Adequate (3/5) | Top: python-backend-experience (0.423)
[ 96/100] Have you used Prisma?
          → Adequate (3/5) | Top: moh-ami-database-prisma (0.444)
[ 97/100] Tell me about Next.js experience
          → Excellent (5/5) | Top: react-frontend-experience (0.615)
[ 98/100] What CSS frameworks do you know?
          → Weak (2/5) | Top: react-frontend-experience (0.399)
[ 99/100] Have you worked with FastAPI?
          → Adequate (3/5) | Top: python-backend-experience (0.539)
[100/100] Tell me about your Docker experience
          → Weak (2/5) | Top: react-frontend-experience (0.377)

================================================================================
SUMMARY REPORT
================================================================================

📊 Overall Average Score: 3.24/5.0

📈 Score Distribution:
   Excellent (5): 20/100 (20%)
   Good (4):      16/100 (16%)
   Adequate (3):  33/100 (33%)
   Weak (2):      30/100 (30%)
   Poor (1):      1/100 (1%)

--------------------------------------------------------------------------------
CATEGORY BREAKDOWN
--------------------------------------------------------------------------------
Traceback (most recent call last):
  File "/home/james/Documents/Untitled Folder/backend/scripts/test_100_questions.py", line 301, in <module>
    main()
  File "/home/james/Documents/Untitled Folder/backend/scripts/test_100_questions.py", line 252, in main
    for category, scores in sorted(category_scores.items(), key=lambda x: -sum(x)/len(x)):
                            ^^^^^^^^^^^^^^^^^^^^^^^^^^^^^^^^^^^^^^^^^^^^^^^^^^^^^^^^^^^^^
  File "/home/james/Documents/Untitled Folder/backend/scripts/test_100_questions.py", line 252, in <lambda>
    for category, scores in sorted(category_scores.items(), key=lambda x: -sum(x)/len(x)):
                                                                           ^^^^^^
TypeError: unsupported operand type(s) for +: 'int' and 'str'
